assert.js:*
      compareExceptionKey(actual, expected, key, msg, keys);
      ^

AssertionError [ERR_ASSERTION]: Expected values to be strictly deep-equal:
+ actual - expected

+ Comparison {}
- Comparison {
-   bar: true
- }
   at Anonymous function (*assert_throws_stack.js:*)
   at *
   at *
   at *
   at *
